// Vitest Snapshot v1

exports[`<BgContainer /> > should match snapshot 1`] = `
.c0 {
  display: -webkit-box;
  display: -webkit-flex;
  display: -ms-flexbox;
  display: flex;
  -webkit-flex-direction: column;
  -ms-flex-direction: column;
  flex-direction: column;
  background-image: url(/assets/images/clear.jpg);
  background-size: cover;
  background-repeat: no-repeat;
  background-position: center;
  width: 100%;
  height: 100%;
  margin: 0 auto;
}

@media (min-width:640px) {
  .c0 {
    -webkit-flex-direction: row;
    -ms-flex-direction: row;
    flex-direction: row;
  }
}

@media (min-width:768px) {
  .c0 {
    aspect-ratio: 16/9;
    height: auto;
    max-width: 1000px;
    border-radius: 10px;
    overflow: hidden;
  }
}

<article
  class="c0"
>
  <h1>
    Oi
  </h1>
</article>
`;
