// Vitest Snapshot v1

exports[`<MainData /> > should match snapshot 1`] = `
<section
  class="text-white px-4 py-32 flex items-end grow md:px-16 lg:px-24 lg:py-56"
>
  <div
    class="flex gap-5 items-end"
  >
    <p
      class=" text-[5.0rem] font-bold leading-none min-[500px]:text-[8.4rem]"
    >
      1
      Â°
    </p>
    <div
      class=""
    >
      <p
        class=" text-3xl font-medium min-[500px]:text-6xl"
      >
        City Name
      </p>
      <p
        class="text-lg pl-1 min-[500px]:text-[1.6rem]"
      >
        10:20
         - 
        Friday
        , 
        24
         
        Feb
         '
        23
      </p>
    </div>
    <div>
      <img
        alt="Weather Icon"
        src="http://openweathermap.org/img/w/any.png"
      />
      <p
        class="text-lg min-[500px]:text-[1.6rem]"
      >
        Rain
      </p>
    </div>
  </div>
</section>
`;
